2026-07-17 00:45:52 | ▶️ Система запущена
2026-07-17 00:45:53 | 🌐 Интернет появился
2026-07-17 00:46:07 | 🚗 Ворота открыты — Т198ТТ197
2026-07-17 00:46:31 | 🔓 Ворота открыты через Telegram
2026-07-17 00:46:39 | 🚗 Ворота открыты — Т198ТТ197
2026-07-17 00:47:09 | 🚗 Ворота открыты — Т198ТТ197
2026-07-17 00:47:11 | 📷 Камера не отвечает, пытаюсь переподключиться
2026-07-17 00:47:12 | 📷 Камера снова на связи
2026-07-17 00:47:40 | 🚗 Ворота открыты — Т198ТТ197
2026-07-17 00:47:48 | ⏹️ Система остановлена
2026-07-17 00:52:56 | ▶️ Система запущена
2026-07-17 00:52:58 | 🌐 Интернет появился
2026-07-17 00:53:03 | 📷 Камера не отвечает, пытаюсь переподключиться
2026-07-17 00:53:04 | 📷 Камера снова на связи
2026-07-17 00:53:07 | 📷 Камера не отвечает, пытаюсь переподключиться
2026-07-17 00:53:08 | 📷 Камера снова на связи
2026-07-17 00:53:12 | 📷 Камера не отвечает, пытаюсь переподключиться
2026-07-17 00:53:13 | 📷 Камера снова на связи
2026-07-17 00:53:16 | 📷 Камера не отвечает, пытаюсь переподключиться
2026-07-17 00:53:17 | 📷 Камера снова на связи
2026-07-17 00:53:21 | 📷 Камера не отвечает, пытаюсь переподключиться
2026-07-17 00:53:22 | 📷 Камера снова на связи
2026-07-17 00:53:26 | ⏹️ Система остановлена
2026-07-17 10:35:46 | ▶️ Система запущена
2026-07-17 10:35:47 | 🌐 Интернет появился
2026-07-17 10:36:15 | 🚗 Ворота открыты — Х002МС177
2026-07-17 10:36:25 | ⏹️ Система остановлена
2026-07-17 10:40:02 | ▶️ Система запущена
2026-07-17 10:40:03 | 🌐 Интернет появился
2026-07-17 10:40:31 | 🚗 Ворота открыты — Х002МС177
2026-07-17 10:41:15 | 🔓 Ворота открыты через Telegram
2026-07-17 10:41:49 | 📷 Камера не отвечает, пытаюсь переподключиться
2026-07-17 10:41:50 | 📷 Камера снова на связи
2026-07-17 10:42:02 | 🔓 Ворота открыты через Telegram
2026-07-17 10:43:24 | 📷 Камера не отвечает, пытаюсь переподключиться
2026-07-17 10:43:25 | 📷 Камера снова на связи
2026-07-17 10:45:00 | 📷 Камера не отвечает, пытаюсь переподключиться
2026-07-17 10:45:01 | 📷 Камера снова на связи
2026-07-17 10:46:17 | ⏹️ Система остановлена
2026-07-17 10:46:28 | ▶️ Система запущена
2026-07-17 10:46:29 | 🌐 Интернет появился
2026-07-17 10:46:57 | 🚗 Ворота открыты — Х002МС177
2026-07-17 10:47:57 | 🚗 Ворота открыты — Х002МС177
2026-07-17 10:48:13 | 📷 Камера не отвечает, пытаюсь переподключиться
2026-07-17 10:48:14 | 📷 Камера снова на связи
2026-07-17 10:48:58 | 🚗 Ворота открыты — Х002МС177
2026-07-17 10:49:45 | 📷 Камера не отвечает, пытаюсь переподключиться
2026-07-17 10:49:46 | 📷 Камера снова на связи
2026-07-17 10:49:58 | 🚗 Ворота открыты — Х002МС177
2026-07-17 10:50:59 | 🚗 Ворота открыты — Х002МС177
2026-07-17 10:51:20 | 📷 Камера не отвечает, пытаюсь переподключиться
2026-07-17 10:51:21 | 📷 Камера снова на связи
2026-07-17 10:51:57 | ⏹️ Система остановлена
2026-07-17 10:52:01 | ▶️ Система запущена
2026-07-17 10:52:02 | 🌐 Интернет появился
2026-07-17 10:52:31 | 🚗 Ворота открыты — Х002МС177
2026-07-17 10:53:51 | 📷 Камера не отвечает, пытаюсь переподключиться
2026-07-17 10:53:52 | 📷 Камера снова на связи
2026-07-17 10:55:22 | 📷 Камера не отвечает, пытаюсь переподключиться
2026-07-17 10:55:23 | 📷 Камера снова на связи
2026-07-17 10:55:52 | 🚗 Ворота открыты — Х002МС177
2026-07-17 10:56:00 | ⏹️ Система остановлена
2026-07-17 11:57:36 | ▶️ Система запущена
2026-07-17 11:57:38 | 🌐 Интернет появился
2026-07-17 11:57:46 | 📷 Камера не отвечает, пытаюсь переподключиться
2026-07-17 11:59:01 | ⏹️ Система остановлена
2026-07-17 11:59:06 | ▶️ Система запущена
2026-07-17 11:59:07 | 🌐 Интернет появился
2026-07-17 11:59:07 | 📷 Камера не отвечает, пытаюсь переподключиться
2026-07-17 11:59:14 | ⏹️ Система остановлена
2026-07-17 12:01:29 | ▶️ Система запущена
2026-07-17 12:01:30 | 🌐 Интернет появился
2026-07-17 12:01:30 | 📷 Камера не отвечает, пытаюсь переподключиться
2026-07-17 12:01:37 | ⏹️ Система остановлена
2026-07-17 12:05:01 | ▶️ Система запущена
2026-07-17 12:05:02 | 🌐 Интернет появился
2026-07-17 12:05:02 | 📷 Камера не отвечает, пытаюсь переподключиться
2026-07-17 12:05:09 | ⏹️ Система остановлена
2026-07-17 12:11:25 | ▶️ Система запущена
2026-07-17 12:11:27 | 📷 Камера не отвечает, пытаюсь переподключиться
2026-07-17 12:11:49 | ⏹️ Система остановлена
2026-07-17 12:18:19 | ▶️ Система запущена
2026-07-17 12:18:21 | 📷 Камера не отвечает, пытаюсь переподключиться
2026-07-17 12:18:36 | ⏹️ Система остановлена
2026-07-17 12:22:25 | ▶️ Система запущена
2026-07-17 12:22:26 | 📷 Камера не отвечает, пытаюсь переподключиться
2026-07-17 12:22:39 | ⏹️ Система остановлена
2026-07-17 12:23:14 | ▶️ Система запущена
2026-07-17 12:23:14 | 📷 Камера не отвечает, пытаюсь переподключиться
2026-07-17 12:23:22 | ⏹️ Система остановлена
2026-07-18 18:38:36 | ▶️ Система запущена
2026-07-18 18:38:38 | 🌐 Интернет появился
2026-07-18 18:39:07 | 🚗 Ворота открыты — Х002МС177
2026-07-18 18:39:21 | ⏹️ Система остановлена
2026-07-18 18:42:40 | ▶️ Система запущена
2026-07-18 18:42:41 | 🌐 Интернет появился
2026-07-18 18:43:10 | 🚗 Ворота открыты — Х002МС177
2026-07-18 18:44:31 | 📷 Камера не отвечает, пытаюсь переподключиться
2026-07-18 18:44:32 | 📷 Камера снова на связи
2026-07-18 18:46:02 | 📷 Камера не отвечает, пытаюсь переподключиться
2026-07-18 18:46:03 | 📷 Камера снова на связи
2026-07-18 18:46:30 | 🚗 Ворота открыты — Х002МС177
2026-07-18 18:47:33 | 📷 Камера не отвечает, пытаюсь переподключиться
2026-07-18 18:47:34 | 📷 Камера снова на связи
2026-07-18 18:49:03 | 📷 Камера не отвечает, пытаюсь переподключиться
2026-07-18 18:49:04 | 📷 Камера снова на связи
2026-07-18 18:49:50 | 🚗 Ворота открыты — Х002МС177
2026-07-18 18:50:48 | 📷 Камера не отвечает, пытаюсь переподключиться
2026-07-18 18:50:49 | 📷 Камера снова на связи
2026-07-18 18:52:19 | 📷 Камера не отвечает, пытаюсь переподключиться
2026-07-18 18:52:20 | 📷 Камера снова на связи
2026-07-18 18:53:08 | ⏹️ Система остановлена
2026-08-19 15:33:57 | ▶️ Система запущена
2026-08-19 15:34:02 | 🌐 Интернет появился
2026-08-19 15:34:31 | 🚗 Ворота открыты — Х002МС177
2026-08-19 15:35:49 | 📷 Камера не отвечает, пытаюсь переподключиться
2026-08-19 15:35:50 | 📷 Камера снова на связи
2026-08-19 15:37:24 | 📷 Камера не отвечает, пытаюсь переподключиться
2026-08-19 15:37:25 | 📷 Камера снова на связи
2026-08-19 15:37:51 | 🚗 Ворота открыты — Х002МС177
2026-08-19 15:39:04 | 📷 Камера не отвечает, пытаюсь переподключиться
2026-08-19 15:39:05 | 📷 Камера снова на связи
2026-08-19 15:40:46 | 📷 Камера не отвечает, пытаюсь переподключиться
2026-08-19 15:40:47 | 📷 Камера снова на связи
2026-08-19 15:41:13 | 🚗 Ворота открыты — Х002МС177
2026-08-19 15:42:23 | 📷 Камера не отвечает, пытаюсь переподключиться
2026-08-19 15:42:24 | 📷 Камера снова на связи
2026-08-19 15:43:55 | 📷 Камера не отвечает, пытаюсь переподключиться
2026-08-19 15:43:56 | 📷 Камера снова на связи
2026-08-19 15:44:33 | 🚗 Ворота открыты — Х002МС177
2026-08-19 15:45:31 | 📷 Камера не отвечает, пытаюсь переподключиться
2026-08-19 15:45:32 | 📷 Камера снова на связи
2026-08-19 15:45:37 | ⏹️ Система остановлена
2026-08-20 14:58:12 | ▶️ Система запущена
2026-08-20 14:58:13 | 🌐 Интернет появился
2026-08-20 14:58:14 | 📷 Камера не отвечает, пытаюсь переподключиться
2026-08-20 14:58:14 | 📷 Камера не отвечает, пытаюсь переподключиться
2026-08-20 14:58:40 | ⏹️ Система остановлена
2026-08-20 14:58:56 | ▶️ Система запущена
2026-08-20 14:58:57 | 🌐 Интернет появился
2026-08-20 14:59:25 | 🚗 Ворота открыты — Х002МС177
2026-08-20 15:00:58 | 📷 Камера не отвечает, пытаюсь переподключиться
2026-08-20 15:00:59 | 📷 Камера снова на связи
2026-08-20 15:02:32 | 📷 Камера не отвечает, пытаюсь переподключиться
2026-08-20 15:02:33 | 📷 Камера снова на связи
2026-08-20 15:02:56 | 🚗 Ворота открыты — Х002МС177
2026-08-20 15:04:09 | 📷 Камера не отвечает, пытаюсь переподключиться
2026-08-20 15:04:10 | 📷 Камера снова на связи
2026-08-20 15:05:40 | 📷 Камера не отвечает, пытаюсь переподключиться
2026-08-20 15:05:42 | 📷 Камера снова на связи
2026-08-20 15:06:17 | 🚗 Ворота открыты — Х002МС177
2026-08-20 15:07:20 | 📷 Камера не отвечает, пытаюсь переподключиться
2026-08-20 15:07:21 | 📷 Камера снова на связи
2026-08-20 15:08:52 | 📷 Камера не отвечает, пытаюсь переподключиться
2026-08-20 15:08:53 | 📷 Камера снова на связи
2026-08-20 15:09:37 | 🚗 Ворота открыты — Х002МС177
2026-08-20 15:10:27 | 📷 Камера не отвечает, пытаюсь переподключиться
2026-08-20 15:10:28 | 📷 Камера снова на связи
2026-08-20 15:12:03 | 📷 Камера не отвечает, пытаюсь переподключиться
2026-08-20 15:12:04 | 📷 Камера снова на связи
2026-08-20 15:12:57 | ⏹️ Система остановлена
2026-08-20 15:55:18 | ▶️ Система запущена
2026-08-20 15:55:19 | 🌐 Интернет появился
2026-08-20 15:55:42 | 🚗 Ворота открыты — Х002МС177
2026-08-20 15:56:19 | ⏹️ Система остановлена
